// Jest Snapshot v1, https://goo.gl/fbAQLP

exports[`Header Test Stability 1`] = `
<View
  style={
    Array [
      Object {
        "alignItems": "center",
        "backgroundColor": "#FFF",
        "elevation": 5,
        "flexDirection": "row",
        "justifyContent": "space-between",
        "paddingHorizontal": 10,
      },
      Object {
        "height": 44,
      },
    ]
  }
>
  <View
    style={
      Object {
        "alignItems": "center",
        "justifyContent": "center",
        "marginTop": -10,
        "width": "30%",
      }
    }
  >
    <View
      accessible={true}
      focusable={true}
      onClick={[Function]}
      onResponderGrant={[Function]}
      onResponderMove={[Function]}
      onResponderRelease={[Function]}
      onResponderTerminate={[Function]}
      onResponderTerminationRequest={[Function]}
      onStartShouldSetResponder={[Function]}
      style={
        Object {
          "alignItems": "center",
          "backgroundColor": "#000",
          "borderRadius": 5,
          "elevation": 3,
          "flexDirection": "row",
          "height": 30.799999999999997,
          "justifyContent": "space-around",
          "marginTop": 10,
          "opacity": 1,
          "width": "85%",
        }
      }
    >
      <Text
        style={
          Object {
            "color": "#FFFFFF",
            "fontSize": 15,
          }
        }
      >
        Easy
      </Text>
      <Image
        source={
          Object {
            "testUri": "../../../src/assets/images/arrowDown.png",
          }
        }
        style={
          Object {
            "height": 15,
            "width": 15,
          }
        }
      />
    </View>
  </View>
  <View
    style={
      Object {
        "alignItems": "center",
        "flexDirection": "row",
        "justifyContent": "center",
        "width": "15%",
      }
    }
  >
    <Image
      source={
        Object {
          "testUri": "../../../src/assets/images/flag.png",
        }
      }
      style={
        Object {
          "height": 30,
          "width": 30,
        }
      }
    />
    <Text
      style={
        Object {
          "color": "#000",
          "fontSize": 25,
        }
      }
    >
      100
    </Text>
  </View>
  <View
    style={
      Object {
        "alignItems": "center",
        "flexDirection": "row",
        "justifyContent": "center",
        "width": "35%",
      }
    }
  >
    <Image
      source={
        Object {
          "testUri": "../../../src/assets/images/timer.png",
        }
      }
      style={
        Object {
          "height": 30,
          "width": 30,
        }
      }
    />
    <Text
      style={
        Object {
          "color": "#000",
          "fontSize": 25,
        }
      }
    >
      00:00
    </Text>
  </View>
  <View
    accessible={true}
    focusable={true}
    onClick={[Function]}
    onResponderGrant={[Function]}
    onResponderMove={[Function]}
    onResponderRelease={[Function]}
    onResponderTerminate={[Function]}
    onResponderTerminationRequest={[Function]}
    onStartShouldSetResponder={[Function]}
    style={
      Object {
        "alignItems": "center",
        "flexDirection": "row",
        "justifyContent": "center",
        "opacity": 1,
        "width": "10%",
      }
    }
  >
    <Image
      source={
        Object {
          "testUri": "../../../src/assets/images/reload.png",
        }
      }
      style={
        Object {
          "height": 30,
          "width": 30,
        }
      }
    />
  </View>
</View>
`;
