// Jest Snapshot v1, https://goo.gl/fbAQLP

exports[`Picker Test Stability 1`] = `
Array [
  <View
    accessible={true}
    focusable={true}
    onClick={[Function]}
    onResponderGrant={[Function]}
    onResponderMove={[Function]}
    onResponderRelease={[Function]}
    onResponderTerminate={[Function]}
    onResponderTerminationRequest={[Function]}
    onStartShouldSetResponder={[Function]}
    style={
      Object {
        "backgroundColor": "#000",
        "elevation": 100,
        "height": "100%",
        "left": 0,
        "opacity": 0.5,
        "position": "absolute",
        "top": 0,
        "width": "100%",
        "zIndex": 100000000000,
      }
    }
  />,
  <View
    style={
      Object {
        "backgroundColor": "#FFF",
        "borderRadius": 10,
        "elevation": 100,
        "left": "20%",
        "padding": 5,
        "position": "absolute",
        "top": "30%",
        "width": "60%",
        "zIndex": 50000000000000000,
      }
    }
  >
    <View
      accessible={true}
      focusable={true}
      onClick={[Function]}
      onResponderGrant={[Function]}
      onResponderMove={[Function]}
      onResponderRelease={[Function]}
      onResponderTerminate={[Function]}
      onResponderTerminationRequest={[Function]}
      onStartShouldSetResponder={[Function]}
      style={
        Object {
          "alignItems": "center",
          "flexDirection": "row",
          "justifyContent": "space-between",
          "opacity": 1,
          "padding": 10,
        }
      }
    >
      <Text
        style={
          Object {
            "color": "#000",
            "fontSize": 15,
          }
        }
      >
        Easy
      </Text>
      <Image
        source={
          Object {
            "testUri": "../../../src/assets/images/checked.png",
          }
        }
        style={
          Object {
            "height": 15,
            "width": 15,
          }
        }
      />
    </View>
    <View
      accessible={true}
      focusable={true}
      onClick={[Function]}
      onResponderGrant={[Function]}
      onResponderMove={[Function]}
      onResponderRelease={[Function]}
      onResponderTerminate={[Function]}
      onResponderTerminationRequest={[Function]}
      onStartShouldSetResponder={[Function]}
      style={
        Object {
          "alignItems": "center",
          "flexDirection": "row",
          "justifyContent": "space-between",
          "opacity": 1,
          "padding": 10,
        }
      }
    >
      <Text
        style={
          Object {
            "color": "#000",
            "fontSize": 15,
          }
        }
      >
        Medium
      </Text>
    </View>
    <View
      accessible={true}
      focusable={true}
      onClick={[Function]}
      onResponderGrant={[Function]}
      onResponderMove={[Function]}
      onResponderRelease={[Function]}
      onResponderTerminate={[Function]}
      onResponderTerminationRequest={[Function]}
      onStartShouldSetResponder={[Function]}
      style={
        Object {
          "alignItems": "center",
          "flexDirection": "row",
          "justifyContent": "space-between",
          "opacity": 1,
          "padding": 10,
        }
      }
    >
      <Text
        style={
          Object {
            "color": "#000",
            "fontSize": 15,
          }
        }
      >
        Hard
      </Text>
    </View>
  </View>,
]
`;
